Initialized native services in: /opt/gradle/.gradle/native
Initialized jansi services in: /opt/gradle/.gradle/native
Removing 0 daemon stop events from registry
Previous Daemon (61) stopped at Wed Aug 19 04:47:38 UTC 2026 stop command received
Previous Daemon (178) stopped at Wed Aug 19 04:47:38 UTC 2026 stop command received
Previous Daemon (472) stopped at Wed Aug 19 04:47:38 UTC 2026 stop command received
Previous Daemon (669) stopped at Wed Aug 19 04:48:29 UTC 2026 stop command received
Previous Daemon (757) stopped at Wed Aug 19 04:48:29 UTC 2026 stop command received
Starting a Gradle Daemon, 1 busy and 5 stopped Daemons could not be reused, use --status for details
Starting process 'Gradle build daemon'. Working directory: /opt/gradle/.gradle/daemon/9.3.1 Command: /usr/lib/jvm/temurin-21-jdk-amd64/bin/java --add-opens=java.base/java.lang=ALL-UNNAMED --add-opens=java.base/java.lang.invoke=ALL-UNNAMED --add-opens=java.base/java.util=ALL-UNNAMED --add-opens=java.prefs/java.util.prefs=ALL-UNNAMED --add-exports=jdk.compiler/com.sun.tools.javac.api=ALL-UNNAMED --add-exports=jdk.compiler/com.sun.tools.javac.util=ALL-UNNAMED --add-opens=java.base/java.util=ALL-UNNAMED --add-opens=java.prefs/java.util.prefs=ALL-UNNAMED --add-opens=java.base/java.nio.charset=ALL-UNNAMED --add-opens=java.base/java.net=ALL-UNNAMED --add-opens=java.base/java.util.concurrent=ALL-UNNAMED --add-opens=java.base/java.util.concurrent.atomic=ALL-UNNAMED --add-opens=java.xml/javax.xml.namespace=ALL-UNNAMED --add-opens=java.base/java.time=ALL-UNNAMED -Xmx4g -Dfile.encoding=UTF-8 -Duser.country=US -Duser.language=en -Duser.variant -cp /opt/gradle/gradle-9.3.1/lib/gradle-daemon-main-9.3.1.jar -javaagent:/opt/gradle/gradle-9.3.1/lib/agents/gradle-instrumentation-agent-9.3.1.jar org.gradle.launcher.daemon.bootstrap.GradleDaemon 9.3.1
Successfully started process 'Gradle build daemon'
An attempt to start the daemon took 2.178 secs.
The client will now receive all logging from the daemon (pid: 1304). The daemon log file: /opt/gradle/.gradle/daemon/9.3.1/daemon-1304.out.log
Starting build in new daemon [memory: 4 GiB]
Using 4 worker leases.
Operational build model parameters: {requiresToolingModels=false, parallelProjectExecution=true, configureOnDemand=false, configurationCache=true, configurationCacheParallelStore=false, configurationCacheParallelLoad=true, isolatedProjects=false, parallelProjectConfiguration=false, intermediateModelCache=false, parallelToolingApiActions=true, invalidateCoupledProjects=false, modelAsProjectDependency=false, resilientModelBuilding=false}
Received JVM installation metadata from '/usr/lib/jvm/temurin-21-jdk-amd64': {JAVA_HOME=/usr/lib/jvm/temurin-21-jdk-amd64, JAVA_VERSION=21.0.11, JAVA_VENDOR=Eclipse Adoptium, RUNTIME_NAME=OpenJDK Runtime Environment, RUNTIME_VERSION=21.0.11+10-LTS, VM_NAME=OpenJDK 64-Bit Server VM, VM_VERSION=21.0.11+10-LTS, VM_VENDOR=Eclipse Adoptium, OS_ARCH=amd64}
Encryption key source: default Gradle keystore (pkcs12)
Calculating task graph as no cached configuration is available for tasks: testDebugUnitTest
Watching the file system is configured to be enabled if available
Unable to list file systems to check whether they can be watched. Disabling watching. Reason: Could not query file systems: could not open mount file (errno 2: No such file or directory)
File system watching is inactive
Starting Build
Resolved plugin [id: 'org.gradle.toolchains.foojay-resolver-convention', version: '1.0.0']
Settings evaluated using settings file '/app/applet/settings.gradle.kts'.
Using local directory build cache for the root build (location = /opt/gradle/.gradle/caches/build-cache-1, remove unused entries = after 7 days).
Projects loaded. Root project using build file '/app/applet/build.gradle.kts'.
Included projects: [root project 'Run2Capture', project ':app']

> Configure project :
Evaluating root project 'Run2Capture' using build file '/app/applet/build.gradle.kts'.
Resolved plugin [id: 'com.android.application', version: '9.1.1', apply: false]
Resolved plugin [id: 'org.jetbrains.kotlin.plugin.compose', version: '2.2.10', apply: false]
Resolved plugin [id: 'com.google.devtools.ksp', version: '2.3.5', apply: false]
Resolved plugin [id: 'io.github.takahirom.roborazzi', version: '1.59.0', apply: false]
Resolved plugin [id: 'com.google.android.libraries.mapsplatform.secrets-gradle-plugin', version: '2.0.1', apply: false]
Resolved plugin [id: 'com.google.gms.google-services', version: '4.5.0', apply: false]

> Configure project :app
Evaluating project ':app' using build file '/app/applet/app/build.gradle.kts'.
Resolved plugin [id: 'com.android.application', version: '9.1.1']
Resolved plugin [id: 'org.jetbrains.kotlin.plugin.compose', version: '2.2.10']
Resolved plugin [id: 'com.google.devtools.ksp', version: '2.3.5']
Resolved plugin [id: 'io.github.takahirom.roborazzi', version: '1.59.0']
Resolved plugin [id: 'com.google.android.libraries.mapsplatform.secrets-gradle-plugin', version: '2.0.1']
Resolved plugin [id: 'com.google.gms.google-services', version: '4.5.0']
Build c9aeb0d8-c4e0-426e-9a42-484749189e53 is started
Using default execution profile
Detected Android Gradle Plugin compose compiler configuration
Detected Android Gradle Plugin compose compiler configuration
Detected Android Gradle Plugin compose compiler configuration
Detected Android Gradle Plugin compose compiler configuration
All projects evaluated.
Task name matched 'testDebugUnitTest'
Selected primary task 'testDebugUnitTest' from project :
Adding -Xuse-inline-scopes-numbers Kotlin compiler flag for task :app:compileDebugKotlin
Tasks to be executed: [task ':app:preBuild', task ':app:preDebugBuild', task ':app:generateDebugBuildConfig', task ':app:generateDebugResources', task ':app:processDebugGoogleServices', task ':app:packageDebugResources', task ':app:processDebugNavigationResources', task ':app:parseDebugLocalResources', task ':app:generateDebugRFile', task ':app:kspDebugKotlin', task ':app:compileDebugKotlin', task ':app:javaPreCompileDebug', task ':app:compileDebugJavaWithJavac', task ':app:checkDebugAarMetadata', task ':app:mapDebugSourceSetPaths', task ':app:compileDebugNavigationResources', task ':app:mergeDebugResources', task ':app:createDebugCompatibleScreenManifests', task ':app:extractDeepLinksDebug', task ':app:processDebugMainManifest', task ':app:processDebugManifest', task ':app:processDebugManifestForPackage', task ':app:processDebugResources', task ':app:bundleDebugClassesToRuntimeJar', task ':app:bundleDebugClassesToCompileJar', task ':app:kspDebugUnitTestKotlin', task ':app:preDebugUnitTestBuild', task ':app:compileDebugUnitTestKotlin', task ':app:javaPreCompileDebugUnitTest', task ':app:compileDebugUnitTestJavaWithJavac', task ':app:generateDebugAssets', task ':app:mergeDebugAssets', task ':app:packageDebugUnitTestForUnitTest', task ':app:processDebugUnitTestManifest', task ':app:generateDebugUnitTestConfig', task ':app:processDebugJavaRes', task ':app:processDebugUnitTestJavaRes', task ':app:testDebugUnitTest', task ':app:finalizeTestRoborazziDebug']
Tasks that were excluded: []
Registered task dependencies: app:debugCompileClasspath
Skipping misunderstood TO dep string: androidx.compose.ui:ui-test-manifest
Skipping misunderstood TO dep string: org.jetbrains.kotlin:kotlin-stdlib
Skipping misunderstood TO dep string: org.jetbrains.kotlin:kotlin-stdlib
Skipping misunderstood TO dep string: androidx.compose.ui:ui-tooling
Skipping misunderstood TO dep string: androidx.compose.material:material-icons-core
Skipping misunderstood TO dep string: androidx.compose.material:material-icons-extended
Skipping misunderstood TO dep string: androidx.compose.material3:material3
Skipping misunderstood TO dep string: androidx.compose.ui:ui
Skipping misunderstood TO dep string: androidx.compose.ui:ui-graphics
Skipping misunderstood TO dep string: androidx.compose.ui:ui-tooling-preview
Skipping misunderstood TO dep string: org.jetbrains.kotlin:kotlin-stdlib
Skipping misunderstood TO dep string: org.jetbrains.kotlin:kotlin-stdlib
Skipping misunderstood TO dep string: org.jetbrains.kotlin:kotlin-stdlib
Skipping misunderstood TO dep string: org.jetbrains.kotlin:kotlin-stdlib
Skipping misunderstood TO dep string: com.google.firebase:firebase-ai
Skipping misunderstood TO dep string: com.google.firebase:firebase-appcheck-recaptcha
Starting dependency analysis
Registered task dependencies: app:kotlinCompilerPluginClasspath
Starting dependency analysis
Registered task dependencies: app:kotlinCompilerPluginClasspathDebug
Starting dependency analysis
Registered task dependencies: app:kotlinCompilerClasspath
Starting dependency analysis
Registered task dependencies: app:debugUnitTestCompileClasspath
Skipping misunderstood TO dep string: androidx.compose.ui:ui-test-manifest
Skipping misunderstood TO dep string: org.jetbrains.kotlin:kotlin-stdlib
Skipping misunderstood TO dep string: org.jetbrains.kotlin:kotlin-stdlib
Skipping misunderstood TO dep string: androidx.compose.ui:ui-tooling
Skipping misunderstood TO dep string: project :app
Skipping misunderstood TO dep string: androidx.compose.material:material-icons-core
Skipping misunderstood TO dep string: androidx.compose.material:material-icons-extended
Skipping misunderstood TO dep string: androidx.compose.material3:material3
Skipping misunderstood TO dep string: androidx.compose.ui:ui
Skipping misunderstood TO dep string: androidx.compose.ui:ui-graphics
Skipping misunderstood TO dep string: androidx.compose.ui:ui-tooling-preview
Skipping misunderstood TO dep string: org.jetbrains.kotlin:kotlin-stdlib
Skipping misunderstood TO dep string: org.jetbrains.kotlin:kotlin-stdlib
Skipping misunderstood TO dep string: org.jetbrains.kotlin:kotlin-stdlib
Skipping misunderstood TO dep string: org.jetbrains.kotlin:kotlin-stdlib
Skipping misunderstood TO dep string: com.google.firebase:firebase-ai
Skipping misunderstood TO dep string: com.google.firebase:firebase-appcheck-recaptcha
Skipping misunderstood TO dep string: androidx.compose.ui:ui-test-junit4
Starting dependency analysis
Registered task dependencies: app:kotlinCompilerPluginClasspathDebugUnitTest
Starting dependency analysis
Roborazzi: Set output dir file collection to test task
Roborazzi: Set output dir /app/applet/app/build/intermediates/roborazzi to test task
Roborazzi: Set output dir /app/applet/app/build/test-results/roborazzi/debug/results to test task
Roborazzi: Set output file /app/applet/app/build/test-results/roborazzi/debug/results-summary.json to test task
Roborazzi: Set output file /app/applet/app/build/reports/roborazzi/debug/index.html to test task
Build c9aeb0d8-c4e0-426e-9a42-484749189e53 is closed
Using local directory build cache for the root build (location = /opt/gradle/.gradle/caches/build-cache-1, remove unused entries = after 7 days).
Ignoring listeners of task graph ready event, as this build (:) has already executed work.
Resolve mutations for :app:preBuild (Thread[#75,Execution worker,5,main]) started.
Resolve mutations for :app:processDebugGoogleServices (Thread[#77,Execution worker Thread 3,5,main]) started.
Resolve mutations for :app:generateDebugAssets (Thread[#76,Execution worker Thread 2,5,main]) started.
:app:preBuild (Thread[#75,Execution worker,5,main]) started.
:app:generateDebugAssets (Thread[#76,Execution worker Thread 2,5,main]) started.
:app:processDebugGoogleServices (Thread[#77,Execution worker Thread 3,5,main]) started.

> Task :app:preBuild UP-TO-DATE
Skipping task ':app:preBuild' as it has no actions.

> Task :app:generateDebugAssets UP-TO-DATE
Skipping task ':app:generateDebugAssets' as it has no actions.
Resolve mutations for :app:preDebugBuild (Thread[#75,Execution worker,5,main]) started.
Resolve mutations for :app:preDebugUnitTestBuild (Thread[#74,included builds,5,main]) started.
:app:preDebugUnitTestBuild (Thread[#74,included builds,5,main]) started.
:app:preDebugBuild (Thread[#75,Execution worker,5,main]) started.

> Task :app:preDebugUnitTestBuild UP-TO-DATE
Skipping task ':app:preDebugUnitTestBuild' as it has no actions.
Resolve mutations for :app:javaPreCompileDebugUnitTest (Thread[#74,included builds,5,main]) started.

> Task :app:preDebugBuild UP-TO-DATE
Skipping task ':app:preDebugBuild' as it has no actions.
Resolve mutations for :app:generateDebugBuildConfig (Thread[#75,Execution worker,5,main]) started.
Resolve mutations for :app:generateDebugResources (Thread[#76,Execution worker Thread 2,5,main]) started.
Resolve mutations for :app:processDebugNavigationResources (Thread[#74,included builds,5,main]) started.
:app:generateDebugResources (Thread[#76,Execution worker Thread 2,5,main]) started.
:app:processDebugNavigationResources (Thread[#74,included builds,5,main]) started.
:app:generateDebugBuildConfig (Thread[#75,Execution worker,5,main]) started.

> Task :app:processDebugGoogleServices UP-TO-DATE
Build cache key for task ':app:processDebugGoogleServices' is 30b7155667cf528687376345aab56ec0
Skipping task ':app:processDebugGoogleServices' as it is up-to-date.

> Task :app:generateDebugBuildConfig UP-TO-DATE
Build cache key for task ':app:generateDebugBuildConfig' is 691e26673244ce9557fcd65cf7535fdb
Skipping task ':app:generateDebugBuildConfig' as it is up-to-date.

> Task :app:generateDebugResources UP-TO-DATE
Build cache key for task ':app:generateDebugResources' is 49535d05307f7fbb76c0365c9a44724b
Skipping task ':app:generateDebugResources' as it is up-to-date.
Resolve mutations for :app:javaPreCompileDebug (Thread[#77,Execution worker Thread 3,5,main]) started.
Resolve mutations for :app:packageDebugResources (Thread[#76,Execution worker Thread 2,5,main]) started.
Resolve mutations for :app:kspDebugKotlin (Thread[#75,Execution worker,5,main]) started.
:app:javaPreCompileDebug (Thread[#77,Execution worker Thread 3,5,main]) started.
:app:kspDebugKotlin (Thread[#75,Execution worker,5,main]) started.
:app:packageDebugResources (Thread[#76,Execution worker Thread 2,5,main]) started.

> Task :app:packageDebugResources UP-TO-DATE
Build cache key for task ':app:packageDebugResources' is cda3b6fb949336a84f172d13db10f9fd
Skipping task ':app:packageDebugResources' as it is up-to-date.
Resolve mutations for :app:checkDebugAarMetadata (Thread[#76,Execution worker Thread 2,5,main]) started.
:app:checkDebugAarMetadata (Thread[#76,Execution worker Thread 2,5,main]) started.

> Task :app:javaPreCompileDebug UP-TO-DATE
Build cache key for task ':app:javaPreCompileDebug' is 54319f63667a5148063efdcba27a0ede
Skipping task ':app:javaPreCompileDebug' as it is up-to-date.
Resolve mutations for :app:mapDebugSourceSetPaths (Thread[#77,Execution worker Thread 3,5,main]) started.
:app:mapDebugSourceSetPaths (Thread[#77,Execution worker Thread 3,5,main]) started.

> Task :app:mapDebugSourceSetPaths UP-TO-DATE
Caching disabled for task ':app:mapDebugSourceSetPaths' because:
  Caching has been disabled for the task
Skipping task ':app:mapDebugSourceSetPaths' as it is up-to-date.
Resolve mutations for :app:mergeDebugResources (Thread[#77,Execution worker Thread 3,5,main]) started.
:app:mergeDebugResources (Thread[#77,Execution worker Thread 3,5,main]) started.

> Task :app:processDebugNavigationResources UP-TO-DATE
Build cache key for task ':app:processDebugNavigationResources' is 41524b8d6b523188386e92e404799f45
Skipping task ':app:processDebugNavigationResources' as it is up-to-date.

> Task :app:mergeDebugResources UP-TO-DATE
Build cache key for task ':app:mergeDebugResources' is 1610d4e93c5b42534648580e9b145d8f
Skipping task ':app:mergeDebugResources' as it is up-to-date.
Resolve mutations for :app:parseDebugLocalResources (Thread[#74,included builds,5,main]) started.
:app:parseDebugLocalResources (Thread[#74,included builds,5,main]) started.
Resolve mutations for :app:compileDebugNavigationResources (Thread[#77,Execution worker Thread 3,5,main]) started.
:app:compileDebugNavigationResources (Thread[#77,Execution worker Thread 3,5,main]) started.

> Task :app:compileDebugNavigationResources UP-TO-DATE
Build cache key for task ':app:compileDebugNavigationResources' is f1c4a937ec66d3ea36bb612f8332a3ba
Skipping task ':app:compileDebugNavigationResources' as it is up-to-date.
Resolve mutations for :app:createDebugCompatibleScreenManifests (Thread[#77,Execution worker Thread 3,5,main]) started.
:app:createDebugCompatibleScreenManifests (Thread[#77,Execution worker Thread 3,5,main]) started.

> Task :app:parseDebugLocalResources UP-TO-DATE
Build cache key for task ':app:parseDebugLocalResources' is 8419dcd1ec5886564ec04715e97081da
Skipping task ':app:parseDebugLocalResources' as it is up-to-date.
Resolve mutations for :app:generateDebugRFile (Thread[#74,included builds,5,main]) started.
:app:generateDebugRFile (Thread[#74,included builds,5,main]) started.

> Task :app:createDebugCompatibleScreenManifests UP-TO-DATE
Caching disabled for task ':app:createDebugCompatibleScreenManifests' because:
  Caching has been disabled for the task
Skipping task ':app:createDebugCompatibleScreenManifests' as it is up-to-date.
Resolve mutations for :app:extractDeepLinksDebug (Thread[#77,Execution worker Thread 3,5,main]) started.

> Task :app:checkDebugAarMetadata UP-TO-DATE
Caching disabled for task ':app:checkDebugAarMetadata' because:
  Caching has been disabled for the task
Skipping task ':app:checkDebugAarMetadata' as it is up-to-date.
:app:extractDeepLinksDebug (Thread[#77,Execution worker Thread 3,5,main]) started.
:app:javaPreCompileDebugUnitTest (Thread[#76,Execution worker Thread 2,5,main]) started.

> Task :app:extractDeepLinksDebug UP-TO-DATE
Build cache key for task ':app:extractDeepLinksDebug' is c799490a06a8b27673e36d1f16596a70
Skipping task ':app:extractDeepLinksDebug' as it is up-to-date.
Resolve mutations for :app:processDebugMainManifest (Thread[#77,Execution worker Thread 3,5,main]) started.
:app:processDebugMainManifest (Thread[#77,Execution worker Thread 3,5,main]) started.

> Task :app:javaPreCompileDebugUnitTest UP-TO-DATE
Build cache key for task ':app:javaPreCompileDebugUnitTest' is d04753818fa795e97b0b2480d6fb7e1a
Skipping task ':app:javaPreCompileDebugUnitTest' as it is up-to-date.
Resolve mutations for :app:mergeDebugAssets (Thread[#76,Execution worker Thread 2,5,main]) started.

> Task :app:generateDebugRFile UP-TO-DATE
Build cache key for task ':app:generateDebugRFile' is 5c108e2dc3d2e2a961a138e046451444
Skipping task ':app:generateDebugRFile' as it is up-to-date.
:app:mergeDebugAssets (Thread[#76,Execution worker Thread 2,5,main]) started.
work action resolve navigation.json (project :app) (Thread[#74,included builds,5,main]) started.

> Task :app:mergeDebugAssets UP-TO-DATE
Caching disabled for task ':app:mergeDebugAssets' because:
  Simple merging task
Skipping task ':app:mergeDebugAssets' as it is up-to-date.

> Task :app:kspDebugKotlin UP-TO-DATE
Build cache key for task ':app:kspDebugKotlin' is 7e48b3012dcf2e566ee327261d83c965
Skipping task ':app:kspDebugKotlin' as it is up-to-date.
Resolve mutations for :app:compileDebugKotlin (Thread[#75,Execution worker,5,main]) started.
:app:compileDebugKotlin (Thread[#75,Execution worker,5,main]) started.

> Task :app:processDebugMainManifest UP-TO-DATE
Build cache key for task ':app:processDebugMainManifest' is c6ec3930df5ae2e069f6ac9f20075bb7
Skipping task ':app:processDebugMainManifest' as it is up-to-date.
Resolve mutations for :app:processDebugManifest (Thread[#77,Execution worker Thread 3,5,main]) started.
Resolve mutations for :app:processDebugUnitTestManifest (Thread[#76,Execution worker Thread 2,5,main]) started.
:app:processDebugManifest (Thread[#77,Execution worker Thread 3,5,main]) started.
:app:processDebugUnitTestManifest (Thread[#76,Execution worker Thread 2,5,main]) started.

> Task :app:processDebugManifest UP-TO-DATE
Build cache key for task ':app:processDebugManifest' is 8895083435358b2b01ff0f3408ab3acc
Skipping task ':app:processDebugManifest' as it is up-to-date.
Resolve mutations for :app:processDebugManifestForPackage (Thread[#77,Execution worker Thread 3,5,main]) started.
:app:processDebugManifestForPackage (Thread[#77,Execution worker Thread 3,5,main]) started.

> Task :app:processDebugManifestForPackage UP-TO-DATE
Build cache key for task ':app:processDebugManifestForPackage' is bf8ad6208e0e0a97e2e4691a0edbc310
Skipping task ':app:processDebugManifestForPackage' as it is up-to-date.
Resolve mutations for :app:processDebugResources (Thread[#77,Execution worker Thread 3,5,main]) started.
:app:processDebugResources (Thread[#77,Execution worker Thread 3,5,main]) started.

> Task :app:processDebugUnitTestManifest UP-TO-DATE
Caching disabled for task ':app:processDebugUnitTestManifest' because:
  Caching has been disabled for the task
Skipping task ':app:processDebugUnitTestManifest' as it is up-to-date.

> Task :app:processDebugResources UP-TO-DATE
Build cache key for task ':app:processDebugResources' is 6e0dd04b095aa0e1ed2baacffca004fc
Skipping task ':app:processDebugResources' as it is up-to-date.
Resolve mutations for :app:packageDebugUnitTestForUnitTest (Thread[#77,Execution worker Thread 3,5,main]) started.
:app:packageDebugUnitTestForUnitTest (Thread[#77,Execution worker Thread 3,5,main]) started.

> Task :app:packageDebugUnitTestForUnitTest UP-TO-DATE
Caching disabled for task ':app:packageDebugUnitTestForUnitTest' because:
  Simple merging task
Skipping task ':app:packageDebugUnitTestForUnitTest' as it is up-to-date.
Resolve mutations for :app:generateDebugUnitTestConfig (Thread[#77,Execution worker Thread 3,5,main]) started.
:app:generateDebugUnitTestConfig (Thread[#77,Execution worker Thread 3,5,main]) started.

> Task :app:generateDebugUnitTestConfig UP-TO-DATE
Caching disabled for task ':app:generateDebugUnitTestConfig' because:
  Caching has been disabled for the task
Skipping task ':app:generateDebugUnitTestConfig' as it is up-to-date.

> Task :app:compileDebugKotlin
Deleting stale output file: /app/applet/app/build/intermediates/built_in_kotlinc/debug/compileDebugKotlin/classes
Deleting stale output file: /app/applet/app/build/kotlin/compileDebugKotlin/cacheable
Deleting stale output file: /app/applet/app/build/kotlin/compileDebugKotlin/classpath-snapshot
file or directory '/app/applet/app/src/main/kotlin', not found
file or directory '/app/applet/app/src/debug/java', not found
file or directory '/app/applet/app/src/debug/kotlin', not found
file or directory '/app/applet/app/src/debug/java', not found
file or directory '/app/applet/app/src/main/kotlin', not found
file or directory '/app/applet/app/src/debug/java', not found
file or directory '/app/applet/app/src/debug/kotlin', not found
file or directory '/app/applet/app/src/debug/java', not found
file or directory '/app/applet/app/src/main/kotlin', not found
file or directory '/app/applet/app/src/debug/java', not found
file or directory '/app/applet/app/src/debug/kotlin', not found
file or directory '/app/applet/app/src/debug/java', not found
Build cache key for task ':app:compileDebugKotlin' is 6bcf916f7a6d3e937569dbfcda3ba4ed
Task ':app:compileDebugKotlin' is not up-to-date because:
  No history is available.
The input changes require a full rebuild for incremental task ':app:compileDebugKotlin'.
file or directory '/app/applet/app/src/main/kotlin', not found
file or directory '/app/applet/app/src/main/kotlin', not found
file or directory '/app/applet/app/src/debug/java', not found
file or directory '/app/applet/app/src/debug/java', not found
file or directory '/app/applet/app/src/debug/kotlin', not found
file or directory '/app/applet/app/src/debug/kotlin', not found
file or directory '/app/applet/app/src/debug/java', not found
file or directory '/app/applet/app/src/debug/java', not found
file or directory '/app/applet/app/build/generated/ksp/debug/java', not found
file or directory '/app/applet/app/src/main/kotlin', not found
file or directory '/app/applet/app/src/debug/java', not found
file or directory '/app/applet/app/src/debug/kotlin', not found
file or directory '/app/applet/app/src/debug/java', not found
file or directory '/app/applet/app/src/main/kotlin', not found
file or directory '/app/applet/app/src/main/kotlin', not found
file or directory '/app/applet/app/src/debug/java', not found
file or directory '/app/applet/app/src/debug/java', not found
file or directory '/app/applet/app/src/debug/kotlin', not found
file or directory '/app/applet/app/src/debug/kotlin', not found
file or directory '/app/applet/app/src/debug/java', not found
file or directory '/app/applet/app/src/debug/java', not found
file or directory '/app/applet/app/build/generated/ksp/debug/java', not found
file or directory '/app/applet/app/src/main/kotlin', not found
file or directory '/app/applet/app/src/main/kotlin', not found
file or directory '/app/applet/app/src/debug/java', not found
file or directory '/app/applet/app/src/debug/java', not found
file or directory '/app/applet/app/src/debug/kotlin', not found
file or directory '/app/applet/app/src/debug/kotlin', not found
file or directory '/app/applet/app/src/debug/java', not found
file or directory '/app/applet/app/src/debug/java', not found
file or directory '/app/applet/app/build/generated/ksp/debug/java', not found
file or directory '/app/applet/app/src/main/kotlin', not found
file or directory '/app/applet/app/src/main/kotlin', not found
file or directory '/app/applet/app/src/debug/java', not found
file or directory '/app/applet/app/src/debug/java', not found
file or directory '/app/applet/app/src/debug/kotlin', not found
file or directory '/app/applet/app/src/debug/kotlin', not found
file or directory '/app/applet/app/src/debug/java', not found
file or directory '/app/applet/app/src/debug/java', not found
file or directory '/app/applet/app/build/generated/ksp/debug/java', not found
Kotlin source files: /app/applet/app/src/main/java/com/example/domain/repository/TerritoryRepository.kt, /app/applet/app/src/main/java/com/example/domain/repository/AuthRepository.kt, /app/applet/app/src/main/java/com/example/domain/repository/CompetitiveRepository.kt, /app/applet/app/src/main/java/com/example/domain/repository/BattleRepository.kt, /app/applet/app/src/main/java/com/example/domain/repository/HealthRepository.kt, /app/applet/app/src/main/java/com/example/domain/repository/CustomizationRepository.kt, /app/applet/app/src/main/java/com/example/domain/repository/NotificationRepository.kt, /app/applet/app/src/main/java/com/example/domain/repository/LocationRepository.kt, /app/applet/app/src/main/java/com/example/domain/model/CompetitiveModels.kt, /app/applet/app/src/main/java/com/example/domain/model/TerritoryExpansionModels.kt, /app/applet/app/src/main/java/com/example/domain/model/NotificationModels.kt, /app/applet/app/src/main/java/com/example/domain/model/LocationModels.kt, /app/applet/app/src/main/java/com/example/domain/model/Faction.kt, /app/applet/app/src/main/java/com/example/domain/model/BattleModels.kt, /app/applet/app/src/main/java/com/example/domain/model/AuthModels.kt, /app/applet/app/src/main/java/com/example/domain/model/DomainModels.kt, /app/applet/app/src/main/java/com/example/domain/model/FlagModels.kt, /app/applet/app/src/main/java/com/example/domain/model/TerritoryColor.kt, /app/applet/app/src/main/java/com/example/domain/model/MapModels.kt, /app/applet/app/src/main/java/com/example/feature/splash/SplashScreen.kt, /app/applet/app/src/main/java/com/example/feature/auth/LoginScreen.kt, /app/applet/app/src/main/java/com/example/feature/auth/ForgotPasswordDialog.kt, /app/applet/app/src/main/java/com/example/feature/auth/AuthViewModel.kt, /app/applet/app/src/main/java/com/example/feature/auth/RegisterScreen.kt, /app/applet/app/src/main/java/com/example/feature/customization/FlagCreatorViewModel.kt, /app/applet/app/src/main/java/com/example/feature/customization/FlagCreatorScreen.kt, /app/applet/app/src/main/java/com/example/feature/customization/components/LiveFlagPreview.kt, /app/applet/app/src/main/java/com/example/feature/customization/components/FlagCanvas.kt, /app/applet/app/src/main/java/com/example/feature/customization/components/LivePlayerPreview.kt, /app/applet/app/src/main/java/com/example/feature/customization/components/ColorPicker.kt, /app/applet/app/src/main/java/com/example/feature/map/components/LeafletMapView.kt, /app/applet/app/src/main/java/com/example/feature/map/components/BattleModals.kt, /app/applet/app/src/main/java/com/example/feature/map/WorldMapScreen.kt, /app/applet/app/src/main/java/com/example/feature/map/MapConfig.kt, /app/applet/app/src/main/java/com/example/feature/map/WorldMapViewModel.kt, /app/applet/app/src/main/java/com/example/feature/map/bridge/LeafletBridge.kt, /app/applet/app/src/main/java/com/example/feature/notifications/NotificationsViewModel.kt, /app/applet/app/src/main/java/com/example/feature/notifications/NotificationsScreen.kt, /app/applet/app/src/main/java/com/example/feature/competitive/CompetitiveViewModel.kt, /app/applet/app/src/main/java/com/example/feature/competitive/CompetitiveScreen.kt, /app/applet/app/src/main/java/com/example/feature/onboarding/OnboardingScreen.kt, /app/applet/app/src/main/java/com/example/feature/navigation/RunNavGraph.kt, /app/applet/app/src/main/java/com/example/feature/identity/PlayerIdentityScreen.kt, /app/applet/app/src/main/java/com/example/core/designsystem/Shape.kt, /app/applet/app/src/main/java/com/example/core/designsystem/components/RunButtons.kt, /app/applet/app/src/main/java/com/example/core/designsystem/components/RunTextFields.kt, /app/applet/app/src/main/java/com/example/core/designsystem/components/RunCards.kt, /app/applet/app/src/main/java/com/example/core/designsystem/components/RunBadge.kt, /app/applet/app/src/main/java/com/example/core/designsystem/Spacing.kt, /app/applet/app/src/main/java/com/example/core/designsystem/Theme.kt, /app/applet/app/src/main/java/com/example/core/designsystem/Type.kt, /app/applet/app/src/main/java/com/example/core/designsystem/Color.kt, /app/applet/app/src/main/java/com/example/core/database/dao/RunSessionDao.kt, /app/applet/app/src/main/java/com/example/core/database/dao/LocationPointDao.kt, /app/applet/app/src/main/java/com/example/core/database/dao/BattleDao.kt, /app/applet/app/src/main/java/com/example/core/database/dao/SyncQueueDao.kt, /app/applet/app/src/main/java/com/example/core/database/dao/TerritoryDao.kt, /app/applet/app/src/main/java/com/example/core/database/DatabaseModule.kt, /app/applet/app/src/main/java/com/example/core/database/entity/BattleEntity.kt, /app/applet/app/src/main/java/com/example/core/database/entity/LocationPointEntity.kt, /app/applet/app/src/main/java/com/example/core/database/entity/SyncQueueEntity.kt, /app/applet/app/src/main/java/com/example/core/database/entity/RunSessionEntity.kt, /app/applet/app/src/main/java/com/example/core/database/entity/TerritoryEntity.kt, /app/applet/app/src/main/java/com/example/core/database/AppDatabase.kt, /app/applet/app/src/main/java/com/example/core/progression/ProgressionEngine.kt, /app/applet/app/src/main/java/com/example/core/security/SecureStorage.kt, /app/applet/app/src/main/java/com/example/core/network/NetworkMonitor.kt, /app/applet/app/src/main/java/com/example/core/network/Run2CaptureApiService.kt, /app/applet/app/src/main/java/com/example/core/network/model/HealthDto.kt, /app/applet/app/src/main/java/com/example/core/network/model/AuthDto.kt, /app/applet/app/src/main/java/com/example/core/network/NetworkModule.kt, /app/applet/app/src/main/java/com/example/core/territory/BattleEngine.kt, /app/applet/app/src/main/java/com/example/core/territory/TerritoryExpansionEngine.kt, /app/applet/app/src/main/java/com/example/core/geo/H3SpatialIndex.kt, /app/applet/app/src/main/java/com/example/core/sync/SyncManager.kt, /app/applet/app/src/main/java/com/example/core/sync/SyncWorker.kt, /app/applet/app/src/main/java/com/example/core/location/LocationForegroundService.kt, /app/applet/app/src/main/java/com/example/core/location/LocationManager.kt, /app/applet/app/src/main/java/com/example/core/location/LocationClient.kt, /app/applet/app/src/main/java/com/example/core/location/LocationPermissionManager.kt, /app/applet/app/src/main/java/com/example/core/di/AppModule.kt, /app/applet/app/src/main/java/com/example/data/repository/AuthRepositoryImpl.kt, /app/applet/app/src/main/java/com/example/data/repository/LocationRepositoryImpl.kt, /app/applet/app/src/main/java/com/example/data/repository/CustomizationRepositoryImpl.kt, /app/applet/app/src/main/java/com/example/data/repository/TerritoryRepositoryImpl.kt, /app/applet/app/src/main/java/com/example/data/repository/NotificationRepositoryImpl.kt, /app/applet/app/src/main/java/com/example/data/repository/BattleRepositoryImpl.kt, /app/applet/app/src/main/java/com/example/data/repository/CompetitiveRepositoryImpl.kt, /app/applet/app/src/main/java/com/example/data/realtime/RealtimeClient.kt, /app/applet/app/src/main/java/com/example/ui/theme/Color.kt, /app/applet/app/src/main/java/com/example/ui/theme/Theme.kt, /app/applet/app/src/main/java/com/example/ui/theme/Type.kt, /app/applet/app/src/main/java/com/example/MainActivity.kt, /app/applet/app/build/generated/ksp/debug/kotlin/com/example/core/database/AppDatabase_Impl.kt, /app/applet/app/build/generated/ksp/debug/kotlin/com/example/core/database/dao/BattleDao_Impl.kt, /app/applet/app/build/generated/ksp/debug/kotlin/com/example/core/database/dao/LocationPointDao_Impl.kt, /app/applet/app/build/generated/ksp/debug/kotlin/com/example/core/database/dao/RunSessionDao_Impl.kt, /app/applet/app/build/generated/ksp/debug/kotlin/com/example/core/database/dao/SyncQueueDao_Impl.kt, /app/applet/app/build/generated/ksp/debug/kotlin/com/example/core/database/dao/TerritoryDao_Impl.kt, /app/applet/app/build/generated/ksp/debug/kotlin/com/example/core/network/model/ApiResponseDtoJsonAdapter.kt, /app/applet/app/build/generated/ksp/debug/kotlin/com/example/core/network/model/CustomizationOptionsDtoJsonAdapter.kt, /app/applet/app/build/generated/ksp/debug/kotlin/com/example/core/network/model/CustomizationResponseDtoJsonAdapter.kt, /app/applet/app/build/generated/ksp/debug/kotlin/com/example/core/network/model/CustomizationUpdateRequestDtoJsonAdapter.kt, /app/applet/app/build/generated/ksp/debug/kotlin/com/example/core/network/model/FlagConfigDtoJsonAdapter.kt, /app/applet/app/build/generated/ksp/debug/kotlin/com/example/core/network/model/GoogleAuthRequestDtoJsonAdapter.kt, /app/applet/app/build/generated/ksp/debug/kotlin/com/example/core/network/model/HealthResponseDtoJsonAdapter.kt, /app/applet/app/build/generated/ksp/debug/kotlin/com/example/core/network/model/HealthStatusDtoJsonAdapter.kt, /app/applet/app/build/generated/ksp/debug/kotlin/com/example/core/network/model/LogoutRequestDtoJsonAdapter.kt, /app/applet/app/build/generated/ksp/debug/kotlin/com/example/core/network/model/RefreshTokenRequestDtoJsonAdapter.kt, /app/applet/app/build/generated/ksp/debug/kotlin/com/example/core/network/model/TokenPairDtoJsonAdapter.kt, /app/applet/app/build/generated/ksp/debug/kotlin/com/example/core/network/model/UserDtoJsonAdapter.kt, /app/applet/app/build/generated/ksp/debug/kotlin/com/example/core/network/model/UserLoginRequestDtoJsonAdapter.kt, /app/applet/app/build/generated/ksp/debug/kotlin/com/example/core/network/model/UserRegisterRequestDtoJsonAdapter.kt, /app/applet/app/build/generated/ksp/debug/kotlin/com/example/domain/model/AttackValidationResultJsonAdapter.kt, /app/applet/app/build/generated/ksp/debug/kotlin/com/example/domain/model/BattleChallengeEvaluationJsonAdapter.kt, /app/applet/app/build/generated/ksp/debug/kotlin/com/example/domain/model/BattleSessionJsonAdapter.kt, /app/applet/app/build/generated/ksp/debug/kotlin/com/example/domain/model/CellEvaluationJsonAdapter.kt, /app/applet/app/build/generated/ksp/debug/kotlin/com/example/domain/model/ChallengeRequirementJsonAdapter.kt, /app/applet/app/build/generated/ksp/debug/kotlin/com/example/domain/model/DevTerritoryJsonAdapter.kt, /app/applet/app/build/generated/ksp/debug/kotlin/com/example/domain/model/ExpansionPreviewResultJsonAdapter.kt, /app/applet/app/build/generated/ksp/debug/kotlin/com/example/domain/model/GpsPointJsonAdapter.kt, /app/applet/app/build/generated/ksp/debug/kotlin/com/example/domain/model/LatLngJsonAdapter.kt, /app/applet/app/build/generated/ksp/debug/kotlin/com/example/domain/model/ServerConfirmedExpansionJsonAdapter.kt, /app/applet/app/build/generated/ksp/debug/kotlin/com/example/domain/model/TerritoryDefenseRecordJsonAdapter.kt, /app/applet/app/build/generated/ksp/debug/kotlin/com/example/domain/model/TerritoryExpansionRuleConfigJsonAdapter.kt
Java source files: /app/applet/app/build/generated/source/buildConfig/debug/com/example/BuildConfig.java
Script source files: 
Script file extensions: 
Using Kotlin/JVM incremental compilation
[KOTLIN] Kotlin compilation 'jdkHome' argument: /usr/lib/jvm/temurin-21-jdk-amd64

Received command: ReportStatus[id=4174f761-2bea-4c73-bfbf-f9c94dc2583b].
Received command: Stop[id=b7daf703-8e79-42a1-b670-9c7bc8f9e179].

FAILURE: Build failed with an exception.

* What went wrong:
Gradle build daemon has been stopped: stop command received

* Try:
> Run with --stacktrace option to get the stack trace.
> Run with --debug option to get more log output.
> Run with --scan to get full insights from a Build Scan (powered by Develocity).
> Get more help at https://help.gradle.org.
